// Jest Snapshot v1, https://goo.gl/fbAQLP

exports[`grids basic 1`] = `
<main>
  <wx-view
    class=" weui-icon"
    style="background:#000000;width:20px;height:20px;mask-image:url(data:image/svg+xml;base64,PD94bWwgdmVyc2lvbj0iMS4wIiBlbmNvZGluZz0iVVRGLTgiPz48c3ZnIHdpZHRoPSIyNHB4IiBoZWlnaHQ9IjI0cHgiIHZpZXdCb3g9IjAgMCAyNCAyNCIgdmVyc2lvbj0iMS4xIiB4bWxucz0iaHR0cDovL3d3dy53My5vcmcvMjAwMC9zdmciIHhtbG5zOnhsaW5rPSJodHRwOi8vd3d3LnczLm9yZy8xOTk5L3hsaW5rIj4gICAgICAgIDx0aXRsZT4zLkljb25zL091dGxpbmVkL2FkZDwvdGl0bGU+ICAgIDxkZXNjPkNyZWF0ZWQgd2l0aCBTa2V0Y2guPC9kZXNjPiAgICA8ZyBpZD0iMy5JY29ucy9PdXRsaW5lZC9hZGQiIHN0cm9rZT0ibm9uZSIgc3Ryb2tlLXdpZHRoPSIxIiBmaWxsPSJub25lIiBmaWxsLXJ1bGU9ImV2ZW5vZGQiIGZpbGwtb3BhY2l0eT0iMC45Ij4gICAgICAgIDxnIGlkPSJJY29ucy9UaW50LUNvbG9yL0JsYWNrIiB0cmFuc2Zvcm09InRyYW5zbGF0ZSgzLjAwMDAwMCwgMy4wMDAwMDApIiBmaWxsPSIjMDAwMDAwIj4gICAgICAgICAgICA8cGF0aCBkPSJNOC4yNSw4LjI1IEw4LjI1LDAuNSBMOS43NSwwLjUgTDkuNzUsOC4yNSBMMTcuNSw4LjI1IEwxNy41LDkuNzUgTDkuNzUsOS43NSBMOS43NSwxNy41IEw4LjI1LDE3LjUgTDguMjUsOS43NSBMMC41LDkuNzUgTDAuNSw4LjI1IEw4LjI1LDguMjUgWiIgaWQ9IuWbvuagh+minOiJsiI+PC9wYXRoPiAgICAgICAgPC9nPiAgICA8L2c+PC9zdmc+);-webkit-mask-image:url(data:image/svg+xml;base64,PD94bWwgdmVyc2lvbj0iMS4wIiBlbmNvZGluZz0iVVRGLTgiPz48c3ZnIHdpZHRoPSIyNHB4IiBoZWlnaHQ9IjI0cHgiIHZpZXdCb3g9IjAgMCAyNCAyNCIgdmVyc2lvbj0iMS4xIiB4bWxucz0iaHR0cDovL3d3dy53My5vcmcvMjAwMC9zdmciIHhtbG5zOnhsaW5rPSJodHRwOi8vd3d3LnczLm9yZy8xOTk5L3hsaW5rIj4gICAgICAgIDx0aXRsZT4zLkljb25zL091dGxpbmVkL2FkZDwvdGl0bGU+ICAgIDxkZXNjPkNyZWF0ZWQgd2l0aCBTa2V0Y2guPC9kZXNjPiAgICA8ZyBpZD0iMy5JY29ucy9PdXRsaW5lZC9hZGQiIHN0cm9rZT0ibm9uZSIgc3Ryb2tlLXdpZHRoPSIxIiBmaWxsPSJub25lIiBmaWxsLXJ1bGU9ImV2ZW5vZGQiIGZpbGwtb3BhY2l0eT0iMC45Ij4gICAgICAgIDxnIGlkPSJJY29ucy9UaW50LUNvbG9yL0JsYWNrIiB0cmFuc2Zvcm09InRyYW5zbGF0ZSgzLjAwMDAwMCwgMy4wMDAwMDApIiBmaWxsPSIjMDAwMDAwIj4gICAgICAgICAgICA8cGF0aCBkPSJNOC4yNSw4LjI1IEw4LjI1LDAuNSBMOS43NSwwLjUgTDkuNzUsOC4yNSBMMTcuNSw4LjI1IEwxNy41LDkuNzUgTDkuNzUsOS43NSBMOS43NSwxNy41IEw4LjI1LDE3LjUgTDguMjUsOS43NSBMMC41LDkuNzUgTDAuNSw4LjI1IEw4LjI1LDguMjUgWiIgaWQ9IuWbvuagh+minOiJsiI+PC9wYXRoPiAgICAgICAgPC9nPiAgICA8L2c+PC9zdmc+);-moz-mask-image:url(data:image/svg+xml;base64,PD94bWwgdmVyc2lvbj0iMS4wIiBlbmNvZGluZz0iVVRGLTgiPz48c3ZnIHdpZHRoPSIyNHB4IiBoZWlnaHQ9IjI0cHgiIHZpZXdCb3g9IjAgMCAyNCAyNCIgdmVyc2lvbj0iMS4xIiB4bWxucz0iaHR0cDovL3d3dy53My5vcmcvMjAwMC9zdmciIHhtbG5zOnhsaW5rPSJodHRwOi8vd3d3LnczLm9yZy8xOTk5L3hsaW5rIj4gICAgICAgIDx0aXRsZT4zLkljb25zL091dGxpbmVkL2FkZDwvdGl0bGU+ICAgIDxkZXNjPkNyZWF0ZWQgd2l0aCBTa2V0Y2guPC9kZXNjPiAgICA8ZyBpZD0iMy5JY29ucy9PdXRsaW5lZC9hZGQiIHN0cm9rZT0ibm9uZSIgc3Ryb2tlLXdpZHRoPSIxIiBmaWxsPSJub25lIiBmaWxsLXJ1bGU9ImV2ZW5vZGQiIGZpbGwtb3BhY2l0eT0iMC45Ij4gICAgICAgIDxnIGlkPSJJY29ucy9UaW50LUNvbG9yL0JsYWNrIiB0cmFuc2Zvcm09InRyYW5zbGF0ZSgzLjAwMDAwMCwgMy4wMDAwMDApIiBmaWxsPSIjMDAwMDAwIj4gICAgICAgICAgICA8cGF0aCBkPSJNOC4yNSw4LjI1IEw4LjI1LDAuNSBMOS43NSwwLjUgTDkuNzUsOC4yNSBMMTcuNSw4LjI1IEwxNy41LDkuNzUgTDkuNzUsOS43NSBMOS43NSwxNy41IEw4LjI1LDE3LjUgTDguMjUsOS43NSBMMC41LDkuNzUgTDAuNSw4LjI1IEw4LjI1LDguMjUgWiIgaWQ9IuWbvuagh+minOiJsiI+PC9wYXRoPiAgICAgICAgPC9nPiAgICA8L2c+PC9zdmc+)"
  />
</main>
`;

exports[`grids basic 2`] = `
<main>
  <wx-view
    class=" weui-icon"
    style="background:#000000;width:20px;height:20px;mask-image:url(data:image/svg+xml;base64,PD94bWwgdmVyc2lvbj0iMS4wIiBlbmNvZGluZz0iVVRGLTgiPz48c3ZnIHdpZHRoPSIyNHB4IiBoZWlnaHQ9IjI0cHgiIHZpZXdCb3g9IjAgMCAyNCAyNCIgdmVyc2lvbj0iMS4xIiB4bWxucz0iaHR0cDovL3d3dy53My5vcmcvMjAwMC9zdmciIHhtbG5zOnhsaW5rPSJodHRwOi8vd3d3LnczLm9yZy8xOTk5L3hsaW5rIj4gICAgICAgIDx0aXRsZT4zLkljb25zL0ZpbGxlZC9hbGJ1bTwvdGl0bGU+ICAgIDxkZXNjPkNyZWF0ZWQgd2l0aCBTa2V0Y2guPC9kZXNjPiAgICA8ZyBpZD0iMy5JY29ucy9GaWxsZWQvYWxidW0iIHN0cm9rZT0ibm9uZSIgc3Ryb2tlLXdpZHRoPSIxIiBmaWxsPSJub25lIiBmaWxsLXJ1bGU9ImV2ZW5vZGQiIGZpbGwtb3BhY2l0eT0iMC45Ij4gICAgICAgIDxnIGlkPSJjb21tb25faWNvbnNfYWxidW0iIGZpbGw9IiMwMDAwMDAiPiAgICAgICAgICAgIDxwYXRoIGQ9Ik0yMC41LDE0LjEzNjA1ODIgTDIwLjUsNS41IEwzLjUsNS41IEwzLjUsMTMuODQ5NjA1NiBMOC4xOTkyNDU1MywxMC4wNDkyNTg2IEM4LjY2MTc5OTA0LDkuNjc1MTg1MDEgOS40MDQ2MjU2Miw5LjY5MzMyNzE4IDkuODUwNDk1NDIsMTAuMDg1MDgzNyBMMTQuMzI2OTIyOSwxNC4wMTgyMjY0IEwxNi42MDkxMDI1LDEyLjA3NzQ5NzcgQzE3LjA3MTMxNzUsMTEuNjg0NDM3NiAxNy44MDY3MjI5LDExLjY5MjQyMjYgMTguMjU1NDMxNCwxMi4wOTUwODM3IEwyMC41LDE0LjEzNjA1ODIgWiBNMi45OTE4MDMxMSw0IEwyMS4wMDgxOTY5LDQgQzIxLjU0NDY5NDQsNCAyMiw0LjQ4MTEzNyAyMiw1LjA3NDY0OTU3IEwyMiwxOC45MjUzNTA0IEMyMiwxOS41MjExNTE4IDIxLjU1NTk1NDYsMjAgMjEuMDA4MTk2OSwyMCBMMi45OTE4MDMxMSwyMCBDMi40NTUzMDU1OCwyMCAyLDE5LjUxODg2MyAyLDE4LjkyNTM1MDQgTDIsNS4wNzQ2NDk1NyBDMiw0LjQ3ODg0ODIyIDIuNDQ0MDQ1MzgsNCAyLjk5MTgwMzExLDQgWiIgaWQ9IuWbvuagh+minOiJsiI+PC9wYXRoPiAgICAgICAgPC9nPiAgICA8L2c+PC9zdmc+);-webkit-mask-image:url(data:image/svg+xml;base64,PD94bWwgdmVyc2lvbj0iMS4wIiBlbmNvZGluZz0iVVRGLTgiPz48c3ZnIHdpZHRoPSIyNHB4IiBoZWlnaHQ9IjI0cHgiIHZpZXdCb3g9IjAgMCAyNCAyNCIgdmVyc2lvbj0iMS4xIiB4bWxucz0iaHR0cDovL3d3dy53My5vcmcvMjAwMC9zdmciIHhtbG5zOnhsaW5rPSJodHRwOi8vd3d3LnczLm9yZy8xOTk5L3hsaW5rIj4gICAgICAgIDx0aXRsZT4zLkljb25zL0ZpbGxlZC9hbGJ1bTwvdGl0bGU+ICAgIDxkZXNjPkNyZWF0ZWQgd2l0aCBTa2V0Y2guPC9kZXNjPiAgICA8ZyBpZD0iMy5JY29ucy9GaWxsZWQvYWxidW0iIHN0cm9rZT0ibm9uZSIgc3Ryb2tlLXdpZHRoPSIxIiBmaWxsPSJub25lIiBmaWxsLXJ1bGU9ImV2ZW5vZGQiIGZpbGwtb3BhY2l0eT0iMC45Ij4gICAgICAgIDxnIGlkPSJjb21tb25faWNvbnNfYWxidW0iIGZpbGw9IiMwMDAwMDAiPiAgICAgICAgICAgIDxwYXRoIGQ9Ik0yMC41LDE0LjEzNjA1ODIgTDIwLjUsNS41IEwzLjUsNS41IEwzLjUsMTMuODQ5NjA1NiBMOC4xOTkyNDU1MywxMC4wNDkyNTg2IEM4LjY2MTc5OTA0LDkuNjc1MTg1MDEgOS40MDQ2MjU2Miw5LjY5MzMyNzE4IDkuODUwNDk1NDIsMTAuMDg1MDgzNyBMMTQuMzI2OTIyOSwxNC4wMTgyMjY0IEwxNi42MDkxMDI1LDEyLjA3NzQ5NzcgQzE3LjA3MTMxNzUsMTEuNjg0NDM3NiAxNy44MDY3MjI5LDExLjY5MjQyMjYgMTguMjU1NDMxNCwxMi4wOTUwODM3IEwyMC41LDE0LjEzNjA1ODIgWiBNMi45OTE4MDMxMSw0IEwyMS4wMDgxOTY5LDQgQzIxLjU0NDY5NDQsNCAyMiw0LjQ4MTEzNyAyMiw1LjA3NDY0OTU3IEwyMiwxOC45MjUzNTA0IEMyMiwxOS41MjExNTE4IDIxLjU1NTk1NDYsMjAgMjEuMDA4MTk2OSwyMCBMMi45OTE4MDMxMSwyMCBDMi40NTUzMDU1OCwyMCAyLDE5LjUxODg2MyAyLDE4LjkyNTM1MDQgTDIsNS4wNzQ2NDk1NyBDMiw0LjQ3ODg0ODIyIDIuNDQ0MDQ1MzgsNCAyLjk5MTgwMzExLDQgWiIgaWQ9IuWbvuagh+minOiJsiI+PC9wYXRoPiAgICAgICAgPC9nPiAgICA8L2c+PC9zdmc+);-moz-mask-image:url(data:image/svg+xml;base64,PD94bWwgdmVyc2lvbj0iMS4wIiBlbmNvZGluZz0iVVRGLTgiPz48c3ZnIHdpZHRoPSIyNHB4IiBoZWlnaHQ9IjI0cHgiIHZpZXdCb3g9IjAgMCAyNCAyNCIgdmVyc2lvbj0iMS4xIiB4bWxucz0iaHR0cDovL3d3dy53My5vcmcvMjAwMC9zdmciIHhtbG5zOnhsaW5rPSJodHRwOi8vd3d3LnczLm9yZy8xOTk5L3hsaW5rIj4gICAgICAgIDx0aXRsZT4zLkljb25zL0ZpbGxlZC9hbGJ1bTwvdGl0bGU+ICAgIDxkZXNjPkNyZWF0ZWQgd2l0aCBTa2V0Y2guPC9kZXNjPiAgICA8ZyBpZD0iMy5JY29ucy9GaWxsZWQvYWxidW0iIHN0cm9rZT0ibm9uZSIgc3Ryb2tlLXdpZHRoPSIxIiBmaWxsPSJub25lIiBmaWxsLXJ1bGU9ImV2ZW5vZGQiIGZpbGwtb3BhY2l0eT0iMC45Ij4gICAgICAgIDxnIGlkPSJjb21tb25faWNvbnNfYWxidW0iIGZpbGw9IiMwMDAwMDAiPiAgICAgICAgICAgIDxwYXRoIGQ9Ik0yMC41LDE0LjEzNjA1ODIgTDIwLjUsNS41IEwzLjUsNS41IEwzLjUsMTMuODQ5NjA1NiBMOC4xOTkyNDU1MywxMC4wNDkyNTg2IEM4LjY2MTc5OTA0LDkuNjc1MTg1MDEgOS40MDQ2MjU2Miw5LjY5MzMyNzE4IDkuODUwNDk1NDIsMTAuMDg1MDgzNyBMMTQuMzI2OTIyOSwxNC4wMTgyMjY0IEwxNi42MDkxMDI1LDEyLjA3NzQ5NzcgQzE3LjA3MTMxNzUsMTEuNjg0NDM3NiAxNy44MDY3MjI5LDExLjY5MjQyMjYgMTguMjU1NDMxNCwxMi4wOTUwODM3IEwyMC41LDE0LjEzNjA1ODIgWiBNMi45OTE4MDMxMSw0IEwyMS4wMDgxOTY5LDQgQzIxLjU0NDY5NDQsNCAyMiw0LjQ4MTEzNyAyMiw1LjA3NDY0OTU3IEwyMiwxOC45MjUzNTA0IEMyMiwxOS41MjExNTE4IDIxLjU1NTk1NDYsMjAgMjEuMDA4MTk2OSwyMCBMMi45OTE4MDMxMSwyMCBDMi40NTUzMDU1OCwyMCAyLDE5LjUxODg2MyAyLDE4LjkyNTM1MDQgTDIsNS4wNzQ2NDk1NyBDMiw0LjQ3ODg0ODIyIDIuNDQ0MDQ1MzgsNCAyLjk5MTgwMzExLDQgWiIgaWQ9IuWbvuagh+minOiJsiI+PC9wYXRoPiAgICAgICAgPC9nPiAgICA8L2c+PC9zdmc+)"
  />
</main>
`;

exports[`grids basic 3`] = `
<main>
  <wx-view
    class=" weui-icon"
    style="background:#000000;width:20px;height:20px;mask-image:url(data:image/svg+xml;base64,PD94bWwgdmVyc2lvbj0iMS4wIiBlbmNvZGluZz0iVVRGLTgiPz48c3ZnIHdpZHRoPSIyNHB4IiBoZWlnaHQ9IjI0cHgiIHZpZXdCb3g9IjAgMCAyNCAyNCIgdmVyc2lvbj0iMS4xIiB4bWxucz0iaHR0cDovL3d3dy53My5vcmcvMjAwMC9zdmciIHhtbG5zOnhsaW5rPSJodHRwOi8vd3d3LnczLm9yZy8xOTk5L3hsaW5rIj4gICAgICAgIDx0aXRsZT4zLkljb25zL091dGxpbmVkL2NlbGxwaG9uZTwvdGl0bGU+ICAgIDxkZXNjPkNyZWF0ZWQgd2l0aCBTa2V0Y2guPC9kZXNjPiAgICA8ZyBpZD0iMy5JY29ucy9PdXRsaW5lZC9jZWxscGhvbmUiIHN0cm9rZT0ibm9uZSIgc3Ryb2tlLXdpZHRoPSIxIiBmaWxsPSJub25lIiBmaWxsLXJ1bGU9ImV2ZW5vZGQiIGZpbGwtb3BhY2l0eT0iMC45Ij4gICAgICAgIDxnIGlkPSJHcm91cCIgdHJhbnNmb3JtPSJ0cmFuc2xhdGUoNS4wMDAwMDAsIDIuMDAwMDAwKSIgZmlsbD0iIzAwMDAwMCI+ICAgICAgICAgICAgPHBhdGggZD0iTTAsMSBDMCwwLjQ0NzcxNTI1IDAuNDQ3NzE1MjUsMCAxLDAgTDEzLDAgQzEzLjU1MjI4NDcsMCAxNCwwLjQ0NzcxNTI1IDE0LDEgTDE0LDE5IEMxNCwxOS41NTIyODQ3IDEzLjU1MjI4NDcsMjAgMTMsMjAgTDEsMjAgQzAuNDQ3NzE1MjUsMjAgMCwxOS41NTIyODQ3IDAsMTkgTDAsMSBaIE0xLjIsMS4yIEwxLjIsMTguOCBMMTIuOCwxOC44IEwxMi44LDEuMiBMMS4yLDEuMiBaIE03LDE4IEM2LjQ0NzcxNTI1LDE4IDYsMTcuNTUyMjg0NyA2LDE3IEM2LDE2LjQ0NzcxNTMgNi40NDc3MTUyNSwxNiA3LDE2IEM3LjU1MjI4NDc1LDE2IDgsMTYuNDQ3NzE1MyA4LDE3IEM4LDE3LjU1MjI4NDcgNy41NTIyODQ3NSwxOCA3LDE4IFoiIGlkPSLlm77moIfpopzoibIiPjwvcGF0aD4gICAgICAgIDwvZz4gICAgPC9nPjwvc3ZnPg==);-webkit-mask-image:url(data:image/svg+xml;base64,PD94bWwgdmVyc2lvbj0iMS4wIiBlbmNvZGluZz0iVVRGLTgiPz48c3ZnIHdpZHRoPSIyNHB4IiBoZWlnaHQ9IjI0cHgiIHZpZXdCb3g9IjAgMCAyNCAyNCIgdmVyc2lvbj0iMS4xIiB4bWxucz0iaHR0cDovL3d3dy53My5vcmcvMjAwMC9zdmciIHhtbG5zOnhsaW5rPSJodHRwOi8vd3d3LnczLm9yZy8xOTk5L3hsaW5rIj4gICAgICAgIDx0aXRsZT4zLkljb25zL091dGxpbmVkL2NlbGxwaG9uZTwvdGl0bGU+ICAgIDxkZXNjPkNyZWF0ZWQgd2l0aCBTa2V0Y2guPC9kZXNjPiAgICA8ZyBpZD0iMy5JY29ucy9PdXRsaW5lZC9jZWxscGhvbmUiIHN0cm9rZT0ibm9uZSIgc3Ryb2tlLXdpZHRoPSIxIiBmaWxsPSJub25lIiBmaWxsLXJ1bGU9ImV2ZW5vZGQiIGZpbGwtb3BhY2l0eT0iMC45Ij4gICAgICAgIDxnIGlkPSJHcm91cCIgdHJhbnNmb3JtPSJ0cmFuc2xhdGUoNS4wMDAwMDAsIDIuMDAwMDAwKSIgZmlsbD0iIzAwMDAwMCI+ICAgICAgICAgICAgPHBhdGggZD0iTTAsMSBDMCwwLjQ0NzcxNTI1IDAuNDQ3NzE1MjUsMCAxLDAgTDEzLDAgQzEzLjU1MjI4NDcsMCAxNCwwLjQ0NzcxNTI1IDE0LDEgTDE0LDE5IEMxNCwxOS41NTIyODQ3IDEzLjU1MjI4NDcsMjAgMTMsMjAgTDEsMjAgQzAuNDQ3NzE1MjUsMjAgMCwxOS41NTIyODQ3IDAsMTkgTDAsMSBaIE0xLjIsMS4yIEwxLjIsMTguOCBMMTIuOCwxOC44IEwxMi44LDEuMiBMMS4yLDEuMiBaIE03LDE4IEM2LjQ0NzcxNTI1LDE4IDYsMTcuNTUyMjg0NyA2LDE3IEM2LDE2LjQ0NzcxNTMgNi40NDc3MTUyNSwxNiA3LDE2IEM3LjU1MjI4NDc1LDE2IDgsMTYuNDQ3NzE1MyA4LDE3IEM4LDE3LjU1MjI4NDcgNy41NTIyODQ3NSwxOCA3LDE4IFoiIGlkPSLlm77moIfpopzoibIiPjwvcGF0aD4gICAgICAgIDwvZz4gICAgPC9nPjwvc3ZnPg==);-moz-mask-image:url(data:image/svg+xml;base64,PD94bWwgdmVyc2lvbj0iMS4wIiBlbmNvZGluZz0iVVRGLTgiPz48c3ZnIHdpZHRoPSIyNHB4IiBoZWlnaHQ9IjI0cHgiIHZpZXdCb3g9IjAgMCAyNCAyNCIgdmVyc2lvbj0iMS4xIiB4bWxucz0iaHR0cDovL3d3dy53My5vcmcvMjAwMC9zdmciIHhtbG5zOnhsaW5rPSJodHRwOi8vd3d3LnczLm9yZy8xOTk5L3hsaW5rIj4gICAgICAgIDx0aXRsZT4zLkljb25zL091dGxpbmVkL2NlbGxwaG9uZTwvdGl0bGU+ICAgIDxkZXNjPkNyZWF0ZWQgd2l0aCBTa2V0Y2guPC9kZXNjPiAgICA8ZyBpZD0iMy5JY29ucy9PdXRsaW5lZC9jZWxscGhvbmUiIHN0cm9rZT0ibm9uZSIgc3Ryb2tlLXdpZHRoPSIxIiBmaWxsPSJub25lIiBmaWxsLXJ1bGU9ImV2ZW5vZGQiIGZpbGwtb3BhY2l0eT0iMC45Ij4gICAgICAgIDxnIGlkPSJHcm91cCIgdHJhbnNmb3JtPSJ0cmFuc2xhdGUoNS4wMDAwMDAsIDIuMDAwMDAwKSIgZmlsbD0iIzAwMDAwMCI+ICAgICAgICAgICAgPHBhdGggZD0iTTAsMSBDMCwwLjQ0NzcxNTI1IDAuNDQ3NzE1MjUsMCAxLDAgTDEzLDAgQzEzLjU1MjI4NDcsMCAxNCwwLjQ0NzcxNTI1IDE0LDEgTDE0LDE5IEMxNCwxOS41NTIyODQ3IDEzLjU1MjI4NDcsMjAgMTMsMjAgTDEsMjAgQzAuNDQ3NzE1MjUsMjAgMCwxOS41NTIyODQ3IDAsMTkgTDAsMSBaIE0xLjIsMS4yIEwxLjIsMTguOCBMMTIuOCwxOC44IEwxMi44LDEuMiBMMS4yLDEuMiBaIE03LDE4IEM2LjQ0NzcxNTI1LDE4IDYsMTcuNTUyMjg0NyA2LDE3IEM2LDE2LjQ0NzcxNTMgNi40NDc3MTUyNSwxNiA3LDE2IEM3LjU1MjI4NDc1LDE2IDgsMTYuNDQ3NzE1MyA4LDE3IEM4LDE3LjU1MjI4NDcgNy41NTIyODQ3NSwxOCA3LDE4IFoiIGlkPSLlm77moIfpopzoibIiPjwvcGF0aD4gICAgICAgIDwvZz4gICAgPC9nPjwvc3ZnPg==)"
  />
</main>
`;

exports[`grids basic 4`] = `
<main>
  <wx-view
    class=" weui-icon"
    style="background:rgba(255, 255, 255, .8);width:20px;height:20px;mask-image:url(data:image/svg+xml;base64,PD94bWwgdmVyc2lvbj0iMS4wIiBlbmNvZGluZz0iVVRGLTgiPz48c3ZnIHdpZHRoPSIyNHB4IiBoZWlnaHQ9IjI0cHgiIHZpZXdCb3g9IjAgMCAyNCAyNCIgdmVyc2lvbj0iMS4xIiB4bWxucz0iaHR0cDovL3d3dy53My5vcmcvMjAwMC9zdmciIHhtbG5zOnhsaW5rPSJodHRwOi8vd3d3LnczLm9yZy8xOTk5L3hsaW5rIj4gICAgICAgIDx0aXRsZT4zLkljb25zL091dGxpbmVkL2NlbGxwaG9uZTwvdGl0bGU+ICAgIDxkZXNjPkNyZWF0ZWQgd2l0aCBTa2V0Y2guPC9kZXNjPiAgICA8ZyBpZD0iMy5JY29ucy9PdXRsaW5lZC9jZWxscGhvbmUiIHN0cm9rZT0ibm9uZSIgc3Ryb2tlLXdpZHRoPSIxIiBmaWxsPSJub25lIiBmaWxsLXJ1bGU9ImV2ZW5vZGQiIGZpbGwtb3BhY2l0eT0iMC45Ij4gICAgICAgIDxnIGlkPSJHcm91cCIgdHJhbnNmb3JtPSJ0cmFuc2xhdGUoNS4wMDAwMDAsIDIuMDAwMDAwKSIgZmlsbD0iIzAwMDAwMCI+ICAgICAgICAgICAgPHBhdGggZD0iTTAsMSBDMCwwLjQ0NzcxNTI1IDAuNDQ3NzE1MjUsMCAxLDAgTDEzLDAgQzEzLjU1MjI4NDcsMCAxNCwwLjQ0NzcxNTI1IDE0LDEgTDE0LDE5IEMxNCwxOS41NTIyODQ3IDEzLjU1MjI4NDcsMjAgMTMsMjAgTDEsMjAgQzAuNDQ3NzE1MjUsMjAgMCwxOS41NTIyODQ3IDAsMTkgTDAsMSBaIE0xLjIsMS4yIEwxLjIsMTguOCBMMTIuOCwxOC44IEwxMi44LDEuMiBMMS4yLDEuMiBaIE03LDE4IEM2LjQ0NzcxNTI1LDE4IDYsMTcuNTUyMjg0NyA2LDE3IEM2LDE2LjQ0NzcxNTMgNi40NDc3MTUyNSwxNiA3LDE2IEM3LjU1MjI4NDc1LDE2IDgsMTYuNDQ3NzE1MyA4LDE3IEM4LDE3LjU1MjI4NDcgNy41NTIyODQ3NSwxOCA3LDE4IFoiIGlkPSLlm77moIfpopzoibIiPjwvcGF0aD4gICAgICAgIDwvZz4gICAgPC9nPjwvc3ZnPg==);-webkit-mask-image:url(data:image/svg+xml;base64,PD94bWwgdmVyc2lvbj0iMS4wIiBlbmNvZGluZz0iVVRGLTgiPz48c3ZnIHdpZHRoPSIyNHB4IiBoZWlnaHQ9IjI0cHgiIHZpZXdCb3g9IjAgMCAyNCAyNCIgdmVyc2lvbj0iMS4xIiB4bWxucz0iaHR0cDovL3d3dy53My5vcmcvMjAwMC9zdmciIHhtbG5zOnhsaW5rPSJodHRwOi8vd3d3LnczLm9yZy8xOTk5L3hsaW5rIj4gICAgICAgIDx0aXRsZT4zLkljb25zL091dGxpbmVkL2NlbGxwaG9uZTwvdGl0bGU+ICAgIDxkZXNjPkNyZWF0ZWQgd2l0aCBTa2V0Y2guPC9kZXNjPiAgICA8ZyBpZD0iMy5JY29ucy9PdXRsaW5lZC9jZWxscGhvbmUiIHN0cm9rZT0ibm9uZSIgc3Ryb2tlLXdpZHRoPSIxIiBmaWxsPSJub25lIiBmaWxsLXJ1bGU9ImV2ZW5vZGQiIGZpbGwtb3BhY2l0eT0iMC45Ij4gICAgICAgIDxnIGlkPSJHcm91cCIgdHJhbnNmb3JtPSJ0cmFuc2xhdGUoNS4wMDAwMDAsIDIuMDAwMDAwKSIgZmlsbD0iIzAwMDAwMCI+ICAgICAgICAgICAgPHBhdGggZD0iTTAsMSBDMCwwLjQ0NzcxNTI1IDAuNDQ3NzE1MjUsMCAxLDAgTDEzLDAgQzEzLjU1MjI4NDcsMCAxNCwwLjQ0NzcxNTI1IDE0LDEgTDE0LDE5IEMxNCwxOS41NTIyODQ3IDEzLjU1MjI4NDcsMjAgMTMsMjAgTDEsMjAgQzAuNDQ3NzE1MjUsMjAgMCwxOS41NTIyODQ3IDAsMTkgTDAsMSBaIE0xLjIsMS4yIEwxLjIsMTguOCBMMTIuOCwxOC44IEwxMi44LDEuMiBMMS4yLDEuMiBaIE03LDE4IEM2LjQ0NzcxNTI1LDE4IDYsMTcuNTUyMjg0NyA2LDE3IEM2LDE2LjQ0NzcxNTMgNi40NDc3MTUyNSwxNiA3LDE2IEM3LjU1MjI4NDc1LDE2IDgsMTYuNDQ3NzE1MyA4LDE3IEM4LDE3LjU1MjI4NDcgNy41NTIyODQ3NSwxOCA3LDE4IFoiIGlkPSLlm77moIfpopzoibIiPjwvcGF0aD4gICAgICAgIDwvZz4gICAgPC9nPjwvc3ZnPg==);-moz-mask-image:url(data:image/svg+xml;base64,PD94bWwgdmVyc2lvbj0iMS4wIiBlbmNvZGluZz0iVVRGLTgiPz48c3ZnIHdpZHRoPSIyNHB4IiBoZWlnaHQ9IjI0cHgiIHZpZXdCb3g9IjAgMCAyNCAyNCIgdmVyc2lvbj0iMS4xIiB4bWxucz0iaHR0cDovL3d3dy53My5vcmcvMjAwMC9zdmciIHhtbG5zOnhsaW5rPSJodHRwOi8vd3d3LnczLm9yZy8xOTk5L3hsaW5rIj4gICAgICAgIDx0aXRsZT4zLkljb25zL091dGxpbmVkL2NlbGxwaG9uZTwvdGl0bGU+ICAgIDxkZXNjPkNyZWF0ZWQgd2l0aCBTa2V0Y2guPC9kZXNjPiAgICA8ZyBpZD0iMy5JY29ucy9PdXRsaW5lZC9jZWxscGhvbmUiIHN0cm9rZT0ibm9uZSIgc3Ryb2tlLXdpZHRoPSIxIiBmaWxsPSJub25lIiBmaWxsLXJ1bGU9ImV2ZW5vZGQiIGZpbGwtb3BhY2l0eT0iMC45Ij4gICAgICAgIDxnIGlkPSJHcm91cCIgdHJhbnNmb3JtPSJ0cmFuc2xhdGUoNS4wMDAwMDAsIDIuMDAwMDAwKSIgZmlsbD0iIzAwMDAwMCI+ICAgICAgICAgICAgPHBhdGggZD0iTTAsMSBDMCwwLjQ0NzcxNTI1IDAuNDQ3NzE1MjUsMCAxLDAgTDEzLDAgQzEzLjU1MjI4NDcsMCAxNCwwLjQ0NzcxNTI1IDE0LDEgTDE0LDE5IEMxNCwxOS41NTIyODQ3IDEzLjU1MjI4NDcsMjAgMTMsMjAgTDEsMjAgQzAuNDQ3NzE1MjUsMjAgMCwxOS41NTIyODQ3IDAsMTkgTDAsMSBaIE0xLjIsMS4yIEwxLjIsMTguOCBMMTIuOCwxOC44IEwxMi44LDEuMiBMMS4yLDEuMiBaIE03LDE4IEM2LjQ0NzcxNTI1LDE4IDYsMTcuNTUyMjg0NyA2LDE3IEM2LDE2LjQ0NzcxNTMgNi40NDc3MTUyNSwxNiA3LDE2IEM3LjU1MjI4NDc1LDE2IDgsMTYuNDQ3NzE1MyA4LDE3IEM4LDE3LjU1MjI4NDcgNy41NTIyODQ3NSwxOCA3LDE4IFoiIGlkPSLlm77moIfpopzoibIiPjwvcGF0aD4gICAgICAgIDwvZz4gICAgPC9nPjwvc3ZnPg==)"
  />
</main>
`;
